
Memory Configuration

Name             Origin             Length             Attributes
FLASH            0x08000000         0x00010000         xr
SRAM             0x20000000         0x00005000         xrw
*default*        0x00000000         0xffffffff

Linker script and memory map

LOAD main.o
LOAD startup.o

.text           0x08000000      0x200
 *(.isr_vector)
 .isr_vector    0x08000000      0x130 startup.o
                0x08000000                vectors
 *(.text)
 .text          0x08000130       0x44 main.o
                0x08000130                main
 .text          0x08000174       0x8c startup.o
                0x08000174                RTC_Alarm_IRQHandler
                0x08000174                EXTI2_IRQHandler
                0x08000174                TIM8_TRG_COM_IRQHandler
                0x08000174                TIM8_CC_IRQHandler
                0x08000174                DebugMon_Handler
                0x08000174                TIM1_CC_IRQHandler
                0x08000174                HardFault_Handler
                0x08000174                TIM6_IRQHandler
                0x08000174                SysTick_Handler
                0x08000174                PVD_IRQHandler
                0x08000174                SDIO_IRQHandler
                0x08000174                TAMP_STAMP_IRQHandler
                0x08000174                PendSV_Handler
                0x08000174                NMI_Handler
                0x08000174                EXTI3_IRQHandler
                0x08000174                USB_HP_CAN_TX_IRQHandler
                0x08000174                EXTI0_IRQHandler
                0x08000174                I2C2_EV_IRQHandler
                0x08000174                UsageFault_Handler
                0x08000174                SPI1_IRQHandler
                0x08000174                CAN_SCE_IRQHandler
                0x08000174                TIM8_UP_IRQHandler
                0x08000174                DMA2_Channel2_IRQHandler
                0x08000174                DMA1_Channel4_IRQHandler
                0x08000174                USART3_IRQHandler
                0x08000174                DMA1_Channel7_IRQHandler
                0x08000174                I2C1_ER_IRQHandler
                0x08000174                UART5_IRQHandler
                0x08000174                ADC3_IRQHandler
                0x08000174                TIM4_IRQHandler
                0x08000174                CAN_RX1_IRQHandler
                0x08000174                DMA2_Channel1_IRQHandler
                0x08000174                USB_Wakeup_IRQHandler
                0x08000174                I2C1_EV_IRQHandler
                0x08000174                DMA1_Channel6_IRQHandler
                0x08000174                UART4_IRQHandler
                0x08000174                TIM3_IRQHandler
                0x08000174                RCC_IRQHandler
                0x08000174                TIM1_TRG_COM_IRQHandler
                0x08000174                DMA1_Channel1_IRQHandler
                0x08000174                Default_Handler
                0x08000174                EXTI15_10_IRQHandler
                0x08000174                ADC_IRQHandler
                0x08000174                TIM7_IRQHandler
                0x08000174                TIM5_IRQHandler
                0x08000174                EXTI9_5_IRQHandler
                0x08000174                RTC_WKUP_IRQHandler
                0x08000174                SPI2_IRQHandler
                0x08000174                USB_LP_CAN_RX0_IRQHandler
                0x08000174                MemManage_Handler
                0x08000174                SVC_Handler
                0x08000174                DMA1_Channel5_IRQHandler
                0x08000174                EXTI4_IRQHandler
                0x08000174                DMA1_Channel3_IRQHandler
                0x08000174                FSMC_IRQHandler
                0x08000174                TIM1_UP_IRQHandler
                0x08000174                WWDG_IRQHandler
                0x08000174                TIM2_IRQHandler
                0x08000174                TIM1_BRK_IRQHandler
                0x08000174                EXTI1_IRQHandler
                0x08000174                DMA2_Channel4_5_IRQHandler
                0x08000174                USART2_IRQHandler
                0x08000174                I2C2_ER_IRQHandler
                0x08000174                DMA1_Channel2_IRQHandler
                0x08000174                TIM8_BRK_IRQHandler
                0x08000174                BusFault_Handler
                0x08000174                USART1_IRQHandler
                0x08000174                SPI3_IRQHandler
                0x08000174                DMA2_Channel3_IRQHandler
                0x0800017a                Reset_Handler
 *(.text.*)
 *(.init)
 *(.fini)
 *(.rodata)
 *(.rodata.*)
                0x08000200                . = ALIGN (0x4)
                0x08000200                _etext = .
                0x08000200                _la_data = LOADADDR (.data)

.glue_7         0x08000200        0x0
 .glue_7        0x08000200        0x0 linker stubs

.glue_7t        0x08000200        0x0
 .glue_7t       0x08000200        0x0 linker stubs

.vfp11_veneer   0x08000200        0x0
 .vfp11_veneer  0x08000200        0x0 linker stubs

.v4_bx          0x08000200        0x0
 .v4_bx         0x08000200        0x0 linker stubs

.iplt           0x08000200        0x0
 .iplt          0x08000200        0x0 startup.o

.rel.dyn        0x08000200        0x0
 .rel.iplt      0x08000200        0x0 startup.o

.data           0x20000000        0x0 load address 0x08000200
                0x20000000                _sdata = .
 *(.data)
 .data          0x20000000        0x0 main.o
 .data          0x20000000        0x0 startup.o
 *(.data.*)
                0x20000000                . = ALIGN (0x4)
                0x20000000                _edata = .

.igot.plt       0x20000000        0x0 load address 0x08000200
 .igot.plt      0x20000000        0x0 startup.o

.bss            0x20000000        0x0 load address 0x08000200
                0x20000000                _sbss = .
                0x20000000                __bss_start__ = _sbss
 *(.bss)
 .bss           0x20000000        0x0 main.o
 .bss           0x20000000        0x0 startup.o
 *(.bss.*)
 *(COMMON)
                0x20000000                . = ALIGN (0x4)
                0x20000000                _ebss = .
                0x20000000                __bss_end__ = _ebss
                0x20000000                . = ALIGN (0x4)
                0x20000000                end = .
                0x20000000                __end__ = .
OUTPUT(firmware.elf elf32-littlearm)
LOAD linker stubs

.debug_info     0x00000000      0x35b
 .debug_info    0x00000000      0x1b5 main.o
 .debug_info    0x000001b5      0x1a6 startup.o

.debug_abbrev   0x00000000      0x182
 .debug_abbrev  0x00000000       0x9c main.o
 .debug_abbrev  0x0000009c       0xe6 startup.o

.debug_aranges  0x00000000       0x40
 .debug_aranges
                0x00000000       0x20 main.o
 .debug_aranges
                0x00000020       0x20 startup.o

.debug_line     0x00000000      0x20b
 .debug_line    0x00000000       0xd7 main.o
 .debug_line    0x000000d7      0x134 startup.o

.debug_str      0x00000000      0x24c
 .debug_str     0x00000000      0x152 main.o
                                0x18f (size before relaxing)
 .debug_str     0x00000152       0xfa startup.o
                                0x1d2 (size before relaxing)

.comment        0x00000000       0x49
 .comment       0x00000000       0x49 main.o
                                 0x4a (size before relaxing)
 .comment       0x00000049       0x4a startup.o

.ARM.attributes
                0x00000000       0x2d
 .ARM.attributes
                0x00000000       0x2d main.o
 .ARM.attributes
                0x0000002d       0x2d startup.o

.debug_frame    0x00000000       0x84
 .debug_frame   0x00000000       0x38 main.o
 .debug_frame   0x00000038       0x4c startup.o
