
Memory Configuration

Name             Origin             Length             Attributes
FLASH            0x08000000         0x00010000         xr
SRAM             0x20000000         0x00005000         xrw
*default*        0x00000000         0xffffffff

Linker script and memory map

LOAD main.o
LOAD stm32f10xx.o
LOAD startup.o

.text           0x08000000      0x280
 *(.isr_vector)
 .isr_vector    0x08000000      0x130 startup.o
                0x08000000                vectors
 *(.text)
 .text          0x08000130       0x78 main.o
                0x08000130                main
 .text          0x080001a8       0x4c stm32f10xx.o
                0x080001a8                SysTick_Handler
                0x080001c4                delay
 .text          0x080001f4       0x8c startup.o
                0x080001f4                RTC_Alarm_IRQHandler
                0x080001f4                EXTI2_IRQHandler
                0x080001f4                TIM8_TRG_COM_IRQHandler
                0x080001f4                TIM8_CC_IRQHandler
                0x080001f4                DebugMon_Handler
                0x080001f4                TIM1_CC_IRQHandler
                0x080001f4                HardFault_Handler
                0x080001f4                TIM6_IRQHandler
                0x080001f4                PVD_IRQHandler
                0x080001f4                SDIO_IRQHandler
                0x080001f4                TAMP_STAMP_IRQHandler
                0x080001f4                PendSV_Handler
                0x080001f4                NMI_Handler
                0x080001f4                EXTI3_IRQHandler
                0x080001f4                USB_HP_CAN_TX_IRQHandler
                0x080001f4                EXTI0_IRQHandler
                0x080001f4                I2C2_EV_IRQHandler
                0x080001f4                UsageFault_Handler
                0x080001f4                SPI1_IRQHandler
                0x080001f4                CAN_SCE_IRQHandler
                0x080001f4                TIM8_UP_IRQHandler
                0x080001f4                DMA2_Channel2_IRQHandler
                0x080001f4                DMA1_Channel4_IRQHandler
                0x080001f4                USART3_IRQHandler
                0x080001f4                DMA1_Channel7_IRQHandler
                0x080001f4                I2C1_ER_IRQHandler
                0x080001f4                UART5_IRQHandler
                0x080001f4                ADC3_IRQHandler
                0x080001f4                TIM4_IRQHandler
                0x080001f4                CAN_RX1_IRQHandler
                0x080001f4                DMA2_Channel1_IRQHandler
                0x080001f4                USB_Wakeup_IRQHandler
                0x080001f4                I2C1_EV_IRQHandler
                0x080001f4                DMA1_Channel6_IRQHandler
                0x080001f4                UART4_IRQHandler
                0x080001f4                TIM3_IRQHandler
                0x080001f4                RCC_IRQHandler
                0x080001f4                TIM1_TRG_COM_IRQHandler
                0x080001f4                DMA1_Channel1_IRQHandler
                0x080001f4                Default_Handler
                0x080001f4                EXTI15_10_IRQHandler
                0x080001f4                ADC_IRQHandler
                0x080001f4                TIM7_IRQHandler
                0x080001f4                TIM5_IRQHandler
                0x080001f4                EXTI9_5_IRQHandler
                0x080001f4                RTC_WKUP_IRQHandler
                0x080001f4                SPI2_IRQHandler
                0x080001f4                USB_LP_CAN_RX0_IRQHandler
                0x080001f4                MemManage_Handler
                0x080001f4                SVC_Handler
                0x080001f4                DMA1_Channel5_IRQHandler
                0x080001f4                EXTI4_IRQHandler
                0x080001f4                DMA1_Channel3_IRQHandler
                0x080001f4                FSMC_IRQHandler
                0x080001f4                TIM1_UP_IRQHandler
                0x080001f4                WWDG_IRQHandler
                0x080001f4                TIM2_IRQHandler
                0x080001f4                TIM1_BRK_IRQHandler
                0x080001f4                EXTI1_IRQHandler
                0x080001f4                DMA2_Channel4_5_IRQHandler
                0x080001f4                USART2_IRQHandler
                0x080001f4                I2C2_ER_IRQHandler
                0x080001f4                DMA1_Channel2_IRQHandler
                0x080001f4                TIM8_BRK_IRQHandler
                0x080001f4                BusFault_Handler
                0x080001f4                USART1_IRQHandler
                0x080001f4                SPI3_IRQHandler
                0x080001f4                DMA2_Channel3_IRQHandler
                0x080001fa                Reset_Handler
 *(.text.*)
 *(.init)
 *(.fini)
 *(.rodata)
 *(.rodata.*)
                0x08000280                . = ALIGN (0x4)
                0x08000280                _etext = .
                0x08000280                _la_data = LOADADDR (.data)

.glue_7         0x08000280        0x0
 .glue_7        0x08000280        0x0 linker stubs

.glue_7t        0x08000280        0x0
 .glue_7t       0x08000280        0x0 linker stubs

.vfp11_veneer   0x08000280        0x0
 .vfp11_veneer  0x08000280        0x0 linker stubs

.v4_bx          0x08000280        0x0
 .v4_bx         0x08000280        0x0 linker stubs

.iplt           0x08000280        0x0
 .iplt          0x08000280        0x0 stm32f10xx.o

.rel.dyn        0x08000280        0x0
 .rel.iplt      0x08000280        0x0 stm32f10xx.o

.data           0x20000000        0x0 load address 0x08000280
                0x20000000                _sdata = .
 *(.data)
 .data          0x20000000        0x0 main.o
 .data          0x20000000        0x0 stm32f10xx.o
 .data          0x20000000        0x0 startup.o
 *(.data.*)
                0x20000000                . = ALIGN (0x4)
                0x20000000                _edata = .

.igot.plt       0x20000000        0x0 load address 0x08000280
 .igot.plt      0x20000000        0x0 stm32f10xx.o

.bss            0x20000000        0x4 load address 0x08000280
                0x20000000                _sbss = .
                0x20000000                __bss_start__ = _sbss
 *(.bss)
 .bss           0x20000000        0x0 main.o
 .bss           0x20000000        0x4 stm32f10xx.o
 .bss           0x20000004        0x0 startup.o
 *(.bss.*)
 *(COMMON)
                0x20000004                . = ALIGN (0x4)
                0x20000004                _ebss = .
                0x20000004                __bss_end__ = _ebss
                0x20000004                . = ALIGN (0x4)
                0x20000004                end = .
                0x20000004                __end__ = .
OUTPUT(firmware.elf elf32-littlearm)
LOAD linker stubs

.debug_info     0x00000000      0x47c
 .debug_info    0x00000000      0x1f5 main.o
 .debug_info    0x000001f5       0xe1 stm32f10xx.o
 .debug_info    0x000002d6      0x1a6 startup.o

.debug_abbrev   0x00000000      0x22e
 .debug_abbrev  0x00000000       0xb0 main.o
 .debug_abbrev  0x000000b0       0x98 stm32f10xx.o
 .debug_abbrev  0x00000148       0xe6 startup.o

.debug_aranges  0x00000000       0x60
 .debug_aranges
                0x00000000       0x20 main.o
 .debug_aranges
                0x00000020       0x20 stm32f10xx.o
 .debug_aranges
                0x00000040       0x20 startup.o

.debug_line     0x00000000      0x315
 .debug_line    0x00000000       0xff main.o
 .debug_line    0x000000ff       0xe2 stm32f10xx.o
 .debug_line    0x000001e1      0x134 startup.o

.debug_str      0x00000000      0x22a
 .debug_str     0x00000000      0x16b main.o
                                0x1a8 (size before relaxing)
 .debug_str     0x0000016b       0x31 stm32f10xx.o
                                0x169 (size before relaxing)
 .debug_str     0x0000019c       0x8e startup.o
                                0x1ce (size before relaxing)

.comment        0x00000000       0x49
 .comment       0x00000000       0x49 main.o
                                 0x4a (size before relaxing)
 .comment       0x00000049       0x4a stm32f10xx.o
 .comment       0x00000049       0x4a startup.o

.ARM.attributes
                0x00000000       0x2d
 .ARM.attributes
                0x00000000       0x2d main.o
 .ARM.attributes
                0x0000002d       0x2d stm32f10xx.o
 .ARM.attributes
                0x0000005a       0x2d startup.o

.debug_frame    0x00000000       0xd0
 .debug_frame   0x00000000       0x2c main.o
 .debug_frame   0x0000002c       0x58 stm32f10xx.o
 .debug_frame   0x00000084       0x4c startup.o
