
Memory Configuration

Name             Origin             Length             Attributes
FLASH            0x08000000         0x00010000         xr
SRAM             0x20000000         0x00005000         xrw
*default*        0x00000000         0xffffffff

Linker script and memory map

LOAD main.o
LOAD startup.o

.text           0x08000000      0x238
 *(.isr_vector)
 .isr_vector    0x08000000      0x130 startup.o
                0x08000000                vectors
 *(.text)
 .text          0x08000130       0x7c main.o
                0x08000130                main
 .text          0x080001ac       0x8c startup.o
                0x080001ac                RTC_Alarm_IRQHandler
                0x080001ac                EXTI2_IRQHandler
                0x080001ac                TIM8_TRG_COM_IRQHandler
                0x080001ac                TIM8_CC_IRQHandler
                0x080001ac                DebugMon_Handler
                0x080001ac                TIM1_CC_IRQHandler
                0x080001ac                HardFault_Handler
                0x080001ac                TIM6_IRQHandler
                0x080001ac                SysTick_Handler
                0x080001ac                PVD_IRQHandler
                0x080001ac                SDIO_IRQHandler
                0x080001ac                TAMP_STAMP_IRQHandler
                0x080001ac                PendSV_Handler
                0x080001ac                NMI_Handler
                0x080001ac                EXTI3_IRQHandler
                0x080001ac                USB_HP_CAN_TX_IRQHandler
                0x080001ac                EXTI0_IRQHandler
                0x080001ac                I2C2_EV_IRQHandler
                0x080001ac                UsageFault_Handler
                0x080001ac                SPI1_IRQHandler
                0x080001ac                CAN_SCE_IRQHandler
                0x080001ac                TIM8_UP_IRQHandler
                0x080001ac                DMA2_Channel2_IRQHandler
                0x080001ac                DMA1_Channel4_IRQHandler
                0x080001ac                USART3_IRQHandler
                0x080001ac                DMA1_Channel7_IRQHandler
                0x080001ac                I2C1_ER_IRQHandler
                0x080001ac                UART5_IRQHandler
                0x080001ac                ADC3_IRQHandler
                0x080001ac                TIM4_IRQHandler
                0x080001ac                CAN_RX1_IRQHandler
                0x080001ac                DMA2_Channel1_IRQHandler
                0x080001ac                USB_Wakeup_IRQHandler
                0x080001ac                I2C1_EV_IRQHandler
                0x080001ac                DMA1_Channel6_IRQHandler
                0x080001ac                UART4_IRQHandler
                0x080001ac                TIM3_IRQHandler
                0x080001ac                RCC_IRQHandler
                0x080001ac                TIM1_TRG_COM_IRQHandler
                0x080001ac                DMA1_Channel1_IRQHandler
                0x080001ac                Default_Handler
                0x080001ac                EXTI15_10_IRQHandler
                0x080001ac                ADC_IRQHandler
                0x080001ac                TIM7_IRQHandler
                0x080001ac                TIM5_IRQHandler
                0x080001ac                EXTI9_5_IRQHandler
                0x080001ac                RTC_WKUP_IRQHandler
                0x080001ac                SPI2_IRQHandler
                0x080001ac                USB_LP_CAN_RX0_IRQHandler
                0x080001ac                MemManage_Handler
                0x080001ac                SVC_Handler
                0x080001ac                DMA1_Channel5_IRQHandler
                0x080001ac                EXTI4_IRQHandler
                0x080001ac                DMA1_Channel3_IRQHandler
                0x080001ac                FSMC_IRQHandler
                0x080001ac                TIM1_UP_IRQHandler
                0x080001ac                WWDG_IRQHandler
                0x080001ac                TIM2_IRQHandler
                0x080001ac                TIM1_BRK_IRQHandler
                0x080001ac                EXTI1_IRQHandler
                0x080001ac                DMA2_Channel4_5_IRQHandler
                0x080001ac                USART2_IRQHandler
                0x080001ac                I2C2_ER_IRQHandler
                0x080001ac                DMA1_Channel2_IRQHandler
                0x080001ac                TIM8_BRK_IRQHandler
                0x080001ac                BusFault_Handler
                0x080001ac                USART1_IRQHandler
                0x080001ac                SPI3_IRQHandler
                0x080001ac                DMA2_Channel3_IRQHandler
                0x080001b2                Reset_Handler
 *(.text.*)
 *(.init)
 *(.fini)
 *(.rodata)
 *(.rodata.*)
                0x08000238                . = ALIGN (0x4)
                0x08000238                _etext = .
                0x08000238                _la_data = LOADADDR (.data)

.glue_7         0x08000238        0x0
 .glue_7        0x08000238        0x0 linker stubs

.glue_7t        0x08000238        0x0
 .glue_7t       0x08000238        0x0 linker stubs

.vfp11_veneer   0x08000238        0x0
 .vfp11_veneer  0x08000238        0x0 linker stubs

.v4_bx          0x08000238        0x0
 .v4_bx         0x08000238        0x0 linker stubs

.iplt           0x08000238        0x0
 .iplt          0x08000238        0x0 startup.o

.rel.dyn        0x08000238        0x0
 .rel.iplt      0x08000238        0x0 startup.o

.data           0x20000000        0x0 load address 0x08000238
                0x20000000                _sdata = .
 *(.data)
 .data          0x20000000        0x0 main.o
 .data          0x20000000        0x0 startup.o
 *(.data.*)
                0x20000000                . = ALIGN (0x4)
                0x20000000                _edata = .

.igot.plt       0x20000000        0x0 load address 0x08000238
 .igot.plt      0x20000000        0x0 startup.o

.bss            0x20000000        0x0 load address 0x08000238
                0x20000000                _sbss = .
                0x20000000                __bss_start__ = _sbss
 *(.bss)
 .bss           0x20000000        0x0 main.o
 .bss           0x20000000        0x0 startup.o
 *(.bss.*)
 *(COMMON)
                0x20000000                . = ALIGN (0x4)
                0x20000000                _ebss = .
                0x20000000                __bss_end__ = _ebss
                0x20000000                . = ALIGN (0x4)
                0x20000000                end = .
                0x20000000                __end__ = .
OUTPUT(firmware.elf elf32-littlearm)
LOAD linker stubs

.debug_info     0x00000000      0x39b
 .debug_info    0x00000000      0x1f5 main.o
 .debug_info    0x000001f5      0x1a6 startup.o

.debug_abbrev   0x00000000      0x196
 .debug_abbrev  0x00000000       0xb0 main.o
 .debug_abbrev  0x000000b0       0xe6 startup.o

.debug_aranges  0x00000000       0x40
 .debug_aranges
                0x00000000       0x20 main.o
 .debug_aranges
                0x00000020       0x20 startup.o

.debug_line     0x00000000      0x233
 .debug_line    0x00000000       0xff main.o
 .debug_line    0x000000ff      0x134 startup.o

.debug_str      0x00000000      0x1fd
 .debug_str     0x00000000      0x16f main.o
                                0x1ac (size before relaxing)
 .debug_str     0x0000016f       0x8e startup.o
                                0x1d2 (size before relaxing)

.comment        0x00000000       0x49
 .comment       0x00000000       0x49 main.o
                                 0x4a (size before relaxing)
 .comment       0x00000049       0x4a startup.o

.ARM.attributes
                0x00000000       0x2d
 .ARM.attributes
                0x00000000       0x2d main.o
 .ARM.attributes
                0x0000002d       0x2d startup.o

.debug_frame    0x00000000       0x78
 .debug_frame   0x00000000       0x2c main.o
 .debug_frame   0x0000002c       0x4c startup.o
